---
source: src/backlink/tests.rs
expression: resp
---
items:
  - id: "[ULID]"
    block_type: content
    content: Source A
    parent_id: ~
    position: ~
    deleted_at: ~
    is_conflict: false
    conflict_type: ~
    todo_state: ~
    priority: ~
    due_date: ~
    scheduled_date: ~
    page_id: ~
next_cursor: "[CURSOR]"
has_more: false
total_count: 3
filtered_count: 1
