---
source: src/commands/tests/snapshot_tests.rs
expression: resp
---
items:
  - device_id: snap-device
    seq: 1
    op_type: create_block
    payload: "{\"block_id\":\"SNAP_HIST\",\"block_type\":\"content\",\"content\":\"hi\"}"
    created_at: 1749988800000
next_cursor: ~
has_more: false
total_count: ~
