---
source: src/commands/tests/snapshot_tests.rs
assertion_line: 97
expression: status
---
foreground_queue_depth: 0
background_queue_depth: 0
total_ops_dispatched: 0
total_background_dispatched: 0
fg_high_water: 0
bg_high_water: 0
fg_errors: 0
bg_errors: 0
fg_panics: 0
bg_panics: 0
fg_apply_dropped: 0
bg_dropped: 0
bg_deduped: 0
fg_full_waits: 0
last_materialize_at: "[TIMESTAMP]"
time_since_last_materialize_secs: "[SECS]"
total_ops_in_log: 0
sync_peer_failure_counts: []
retry_queue_pending: 0
