---
source: src/mcp/tools_ro/tests.rs
assertion_line: 1697
expression: result
---
has_more: false
items:
  - block_type: page
    content: Alpha
    deleted_at: ~
    due_date: ~
    id: "[ULID]"
    page_id: "[ULID]"
    parent_id: ~
    position: 1
    priority: ~
    scheduled_date: ~
    todo_state: ~
next_cursor: "[CURSOR]"
total_count: ~
