---
source: src/backlink_query.rs
expression: resp
---
items:
  - id: "[ULID]"
    block_type: content
    content: Source A
    parent_id: ~
    position: ~
    deleted_at: ~
    archived_at: ~
    is_conflict: false
    conflict_type: ~
next_cursor: "[CURSOR]"
has_more: false
total_count: 3
filtered_count: 1
