---
source: src/commands.rs
assertion_line: 5066
expression: resp
---
items:
  - id: SNAP_BLK1
    block_type: content
    content: first
    parent_id: ~
    position: 1
    deleted_at: ~
    archived_at: ~
    is_conflict: false
    conflict_type: ~
  - id: SNAP_BLK2
    block_type: page
    content: second
    parent_id: ~
    position: 2
    deleted_at: ~
    archived_at: ~
    is_conflict: false
    conflict_type: ~
next_cursor: ~
has_more: false
