---
source: agaric-engine/src/import.rs
expression: parse_output_shape(&md)
---
blocks:
  - block_anchor: ~
    content: "---\ntitle: Never closed"
    depth: 0
    is_code: false
    properties: []
  - block_anchor: ~
    content: First
    depth: 0
    is_code: false
    properties: []
  - block_anchor: ~
    content: ""
    depth: 0
    is_code: false
    properties: []
  - block_anchor: ~
    content: Way too deep
    depth: 19
    is_code: false
    properties: []
frontmatter: []
frontmatter_list_items: {}
warnings:
  - 1 block(s) exceeded maximum depth of 19 and were flattened
