---
source: agaric-engine/src/import.rs
expression: "serde_json::json!({\n    \"import\": output_shape(parse_logseq_markdown(&text)), \"source\":\n    output_shape(parse_source_outline(&text)), \"paste\":\n    blocks_shape(parse_pasted_text(&text)),\n})"
---
import:
  blocks:
    - block_anchor: ~
      content: "Here's a simple plan to get your garden ready for winter:"
      depth: 0
      is_code: false
      properties: []
    - block_anchor: ~
      content: "### 1. Clean up"
      depth: 0
      is_code: false
      properties: []
    - block_anchor: ~
      content: "**Remove dead plants** – they harbour pests."
      depth: 1
      is_code: false
      properties:
        - - listStyle
          - ordered
    - block_anchor: ~
      content: "**Rake leaves** into a compost pile."
      depth: 1
      is_code: false
      properties:
        - - listStyle
          - ordered
    - block_anchor: ~
      content: Shred them first so they break down faster.
      depth: 2
      is_code: false
      properties: []
    - block_anchor: ~
      content: Avoid diseased leaves.
      depth: 2
      is_code: false
      properties: []
    - block_anchor: ~
      content: "### 2. Protect the soil"
      depth: 0
      is_code: false
      properties: []
    - block_anchor: ~
      content: Add a 5–8 cm layer of mulch.
      depth: 1
      is_code: false
      properties: []
    - block_anchor: ~
      content: Plant a cover crop such as winter rye.
      depth: 1
      is_code: false
      properties: []
    - block_anchor: ~
      content: "---"
      depth: 1
      is_code: false
      properties: []
    - block_anchor: ~
      content: "**Tip:** you can check your soil with:"
      depth: 1
      is_code: false
      properties: []
    - block_anchor: ~
      content: "```bash\nsoil-test --ph --moisture\n```"
      depth: 1
      is_code: true
      properties: []
    - block_anchor: ~
      content: "Let me know if you'd like a week-by-week schedule!"
      depth: 1
      is_code: false
      properties: []
  frontmatter: []
  frontmatter_list_items: {}
  warnings: []
paste:
  - block_anchor: ~
    content: "Here's a simple plan to get your garden ready for winter:"
    depth: 0
    is_code: false
    properties: []
  - block_anchor: ~
    content: "### 1. Clean up"
    depth: 0
    is_code: false
    properties: []
  - block_anchor: ~
    content: "**Remove dead plants** – they harbour pests."
    depth: 1
    is_code: false
    properties:
      - - listStyle
        - ordered
  - block_anchor: ~
    content: "**Rake leaves** into a compost pile."
    depth: 1
    is_code: false
    properties:
      - - listStyle
        - ordered
  - block_anchor: ~
    content: Shred them first so they break down faster.
    depth: 2
    is_code: false
    properties: []
  - block_anchor: ~
    content: Avoid diseased leaves.
    depth: 2
    is_code: false
    properties: []
  - block_anchor: ~
    content: "### 2. Protect the soil"
    depth: 0
    is_code: false
    properties: []
  - block_anchor: ~
    content: Add a 5–8 cm layer of mulch.
    depth: 1
    is_code: false
    properties: []
  - block_anchor: ~
    content: Plant a cover crop such as winter rye.
    depth: 1
    is_code: false
    properties: []
  - block_anchor: ~
    content: "---"
    depth: 1
    is_code: false
    properties: []
  - block_anchor: ~
    content: "**Tip:** you can check your soil with:"
    depth: 1
    is_code: false
    properties: []
  - block_anchor: ~
    content: "```bash\nsoil-test --ph --moisture\n```"
    depth: 1
    is_code: true
    properties: []
  - block_anchor: ~
    content: "Let me know if you'd like a week-by-week schedule!"
    depth: 1
    is_code: false
    properties: []
source:
  blocks:
    - block_anchor: ~
      content: "Here's a simple plan to get your garden ready for winter:"
      depth: 0
      is_code: false
      properties: []
    - block_anchor: ~
      content: "### 1. Clean up"
      depth: 0
      is_code: false
      properties: []
    - block_anchor: ~
      content: "**Remove dead plants** – they harbour pests."
      depth: 1
      is_code: false
      properties:
        - - listStyle
          - ordered
    - block_anchor: ~
      content: "**Rake leaves** into a compost pile."
      depth: 1
      is_code: false
      properties:
        - - listStyle
          - ordered
    - block_anchor: ~
      content: Shred them first so they break down faster.
      depth: 2
      is_code: false
      properties: []
    - block_anchor: ~
      content: Avoid diseased leaves.
      depth: 2
      is_code: false
      properties: []
    - block_anchor: ~
      content: "### 2. Protect the soil"
      depth: 0
      is_code: false
      properties: []
    - block_anchor: ~
      content: Add a 5–8 cm layer of mulch.
      depth: 1
      is_code: false
      properties: []
    - block_anchor: ~
      content: Plant a cover crop such as winter rye.
      depth: 1
      is_code: false
      properties: []
    - block_anchor: ~
      content: "---"
      depth: 1
      is_code: false
      properties: []
    - block_anchor: ~
      content: "**Tip:** you can check your soil with:"
      depth: 1
      is_code: false
      properties: []
    - block_anchor: ~
      content: "```bash\nsoil-test --ph --moisture\n```"
      depth: 1
      is_code: true
      properties: []
    - block_anchor: ~
      content: "Let me know if you'd like a week-by-week schedule!"
      depth: 1
      is_code: false
      properties: []
  frontmatter: []
  frontmatter_list_items: {}
  warnings: []
