---
source: agaric-engine/src/import.rs
expression: "serde_json::json!({\n    \"import\": output_shape(parse_logseq_markdown(&text)), \"source\":\n    output_shape(parse_source_outline(&text)), \"paste\":\n    blocks_shape(parse_pasted_text(&text)),\n})"
---
import:
  blocks:
    - block_anchor: ~
      content: "# Team offsite"
      depth: 0
      is_code: false
      properties: []
    - block_anchor: ~
      content: "**Date:** 24 September 2026"
      depth: 1
      is_code: false
      properties: []
    - block_anchor: ~
      content: "## Agenda"
      depth: 1
      is_code: false
      properties: []
    - block_anchor: ~
      content: Welcome
      depth: 2
      is_code: false
      properties: []
    - block_anchor: ~
      content: Roadmap review
      depth: 2
      is_code: false
      properties: []
    - block_anchor: ~
      content: Q4 bets
      depth: 3
      is_code: false
      properties: []
    - block_anchor: ~
      content: Retro
      depth: 2
      is_code: false
      properties: []
    - block_anchor: ~
      content: "## Decisions"
      depth: 1
      is_code: false
      properties: []
    - block_anchor: ~
      content: "Move standup to 10:00"
      depth: 2
      is_code: false
      properties:
        - - listStyle
          - ordered
    - block_anchor: ~
      content: Adopt the new on-call rota
      depth: 2
      is_code: false
      properties:
        - - listStyle
          - ordered
  frontmatter: []
  frontmatter_list_items: {}
  warnings: []
paste:
  - block_anchor: ~
    content: "# Team offsite"
    depth: 0
    is_code: false
    properties: []
  - block_anchor: ~
    content: "**Date:** 24 September 2026"
    depth: 1
    is_code: false
    properties: []
  - block_anchor: ~
    content: "## Agenda"
    depth: 1
    is_code: false
    properties: []
  - block_anchor: ~
    content: "Welcome  "
    depth: 2
    is_code: false
    properties: []
  - block_anchor: ~
    content: "Roadmap review  "
    depth: 2
    is_code: false
    properties: []
  - block_anchor: ~
    content: "Q4 bets  "
    depth: 3
    is_code: false
    properties: []
  - block_anchor: ~
    content: Retro
    depth: 2
    is_code: false
    properties: []
  - block_anchor: ~
    content: "## Decisions"
    depth: 1
    is_code: false
    properties: []
  - block_anchor: ~
    content: "Move standup to 10:00  "
    depth: 2
    is_code: false
    properties:
      - - listStyle
        - ordered
  - block_anchor: ~
    content: Adopt the new on-call rota
    depth: 2
    is_code: false
    properties:
      - - listStyle
        - ordered
source:
  blocks:
    - block_anchor: ~
      content: "# Team offsite"
      depth: 0
      is_code: false
      properties: []
    - block_anchor: ~
      content: "**Date:** 24 September 2026"
      depth: 1
      is_code: false
      properties: []
    - block_anchor: ~
      content: "## Agenda"
      depth: 1
      is_code: false
      properties: []
    - block_anchor: ~
      content: "Welcome  "
      depth: 2
      is_code: false
      properties: []
    - block_anchor: ~
      content: "Roadmap review  "
      depth: 2
      is_code: false
      properties: []
    - block_anchor: ~
      content: "Q4 bets  "
      depth: 3
      is_code: false
      properties: []
    - block_anchor: ~
      content: Retro
      depth: 2
      is_code: false
      properties: []
    - block_anchor: ~
      content: "## Decisions"
      depth: 1
      is_code: false
      properties: []
    - block_anchor: ~
      content: "Move standup to 10:00  "
      depth: 2
      is_code: false
      properties:
        - - listStyle
          - ordered
    - block_anchor: ~
      content: Adopt the new on-call rota
      depth: 2
      is_code: false
      properties:
        - - listStyle
          - ordered
  frontmatter: []
  frontmatter_list_items: {}
  warnings: []
